<?xml version="1.0" encoding="UTF-8"?>
<testsuites name="jest tests" tests="12" failures="0" time="4.17">
  <testsuite name="src/model/consent" errors="0" failures="0" skipped="0" timestamp="2021-01-19T16:30:57" time="2.694" tests="9">
    <testcase classname="src/model/consent insert adds consent to the database" name="src/model/consent insert adds consent to the database" time="0.028">
    </testcase>
    <testcase classname="src/model/consent insert throws an error on adding a consent with existing consentId" name="src/model/consent insert throws an error on adding a consent with existing consentId" time="0.021">
    </testcase>
    <testcase classname="src/model/consent insert throws an error on adding consent without an id" name="src/model/consent insert throws an error on adding consent without an id" time="0.007">
    </testcase>
    <testcase classname="src/model/consent update updates existing consent from a consent having only required fields" name="src/model/consent update updates existing consent from a consent having only required fields" time="0.016">
    </testcase>
    <testcase classname="src/model/consent update throws an error on updating non-existent consent" name="src/model/consent update throws an error on updating non-existent consent" time="0.01">
    </testcase>
    <testcase classname="src/model/consent retrieve retrieves an existing consent" name="src/model/consent retrieve retrieves an existing consent" time="0.008">
    </testcase>
    <testcase classname="src/model/consent retrieve throws an error on retrieving non-existent consent" name="src/model/consent retrieve throws an error on retrieving non-existent consent" time="0.006">
    </testcase>
    <testcase classname="src/model/consent delete deletes an existing consent" name="src/model/consent delete deletes an existing consent" time="0.016">
    </testcase>
    <testcase classname="src/model/consent delete throws an error on deleting non-existent consent" name="src/model/consent delete throws an error on deleting non-existent consent" time="0.001">
    </testcase>
  </testsuite>
  <testsuite name="testing Consent table" errors="0" failures="0" skipped="0" timestamp="2021-01-19T16:31:00" time="0.731" tests="3">
    <testcase classname="testing Consent table should properly select all the entries in the Consent table" name="testing Consent table should properly select all the entries in the Consent table" time="0.015">
    </testcase>
    <testcase classname="testing that constraints are enforced in the consent table should properly enforce the primary key constraint in the Consent table" name="testing that constraints are enforced in the consent table should properly enforce the primary key constraint in the Consent table" time="0.011">
    </testcase>
    <testcase classname="testing that constraints are enforced in the consent table should properly enforce the non-nullable constraint for fspId" name="testing that constraints are enforced in the consent table should properly enforce the non-nullable constraint for fspId" time="0">
    </testcase>
  </testsuite>
</testsuites>